{
    "computed": {
        "completedQuestIds": [
            100,
            101,
            300,
            301
        ],
        "completedAchievementIds": [
            200,
            400
        ],
        "completedRecipeIds": [
            900,
            902
        ],
        "questOwners": {
            "100": "Thrall",
            "101": "Thrall",
            "300": "Jaina",
            "301": "Jaina"
        },
        "achievementOwners": {
            "200": "Thrall",
            "400": "Jaina"
        },
        "bestFactionStandings": {
            "2600": {
                "character_name": "Jaina",
                "tier": 6,
                "raw": 900,
                "renown_level": 0,
                "standing_name": "Révéré",
                "completed": false
            },
            "2590": {
                "character_name": "Jaina",
                "tier": 0,
                "raw": 100,
                "renown_level": 20,
                "standing_name": "Renom 20",
                "completed": true
            }
        },
        "recipeOwners": {
            "900": "Thrall",
            "902": "Jaina"
        },
        "skillPointOwners": {
            "164": {
                "2822": {
                    "character_name": "Jaina",
                    "skill_points": 80,
                    "max_skill_points": 100
                }
            },
            "356": {
                "1": {
                    "character_name": "Jaina",
                    "skill_points": 10,
                    "max_skill_points": 300
                }
            }
        }
    },
    "stored": {
        "character_count": 3,
        "data": {
            "achievementOwners": {
                "200": "Thrall",
                "400": "Jaina"
            },
            "bestFactionStandings": {
                "2590": {
                    "character_name": "Jaina",
                    "completed": true,
                    "raw": 100,
                    "renown_level": 20,
                    "standing_name": "Renom 20",
                    "tier": 0
                },
                "2600": {
                    "character_name": "Jaina",
                    "completed": false,
                    "raw": 900,
                    "renown_level": 0,
                    "standing_name": "Révéré",
                    "tier": 6
                }
            },
            "completedAchievementIds": [
                200,
                400
            ],
            "completedQuestIds": [
                100,
                101,
                300,
                301
            ],
            "completedRecipeIds": [
                900,
                902
            ],
            "questOwners": {
                "100": "Thrall",
                "101": "Thrall",
                "300": "Jaina",
                "301": "Jaina"
            },
            "recipeOwners": {
                "900": "Thrall",
                "902": "Jaina"
            },
            "skillPointOwners": {
                "164": {
                    "2822": {
                        "character_name": "Jaina",
                        "max_skill_points": 100,
                        "skill_points": 80
                    }
                },
                "356": {
                    "1": {
                        "character_name": "Jaina",
                        "max_skill_points": 300,
                        "skill_points": 10
                    }
                }
            }
        }
    },
    "merged": {
        "achievementOwners": {
            "200": "Thrall",
            "400": "Jaina"
        },
        "bestFactionStandings": {
            "2590": {
                "character_name": "Jaina",
                "completed": true,
                "raw": 100,
                "renown_level": 20,
                "standing_name": "Renom 20",
                "tier": 0
            },
            "2600": {
                "character_name": "Jaina",
                "completed": false,
                "raw": 900,
                "renown_level": 0,
                "standing_name": "Révéré",
                "tier": 6
            }
        },
        "completedAchievementIds": [
            200,
            400
        ],
        "completedQuestIds": [
            100,
            101,
            300,
            301,
            500
        ],
        "completedRecipeIds": [
            900,
            902,
            903
        ],
        "questOwners": {
            "100": "Thrall",
            "101": "Thrall",
            "300": "Jaina",
            "301": "Jaina",
            "500": "Sylvanas"
        },
        "recipeOwners": {
            "900": "Thrall",
            "902": "Jaina",
            "903": "Sylvanas"
        },
        "skillPointOwners": {
            "164": {
                "10": {
                    "character_name": "Sylvanas",
                    "max_skill_points": 100,
                    "skill_points": 95
                },
                "2822": {
                    "character_name": "Jaina",
                    "max_skill_points": 100,
                    "skill_points": 80
                }
            },
            "356": {
                "1": {
                    "character_name": "Jaina",
                    "max_skill_points": 300,
                    "skill_points": 10
                }
            }
        }
    }
}