{
    "brackets": [
        {
            "key": "arena",
            "label": "Arène",
            "brackets": [
                {
                    "slug": "2v2",
                    "label": "Arène 2c2",
                    "short": "Arène 2c2"
                },
                {
                    "slug": "3v3",
                    "label": "Arène 3c3",
                    "short": "Arène 3c3"
                }
            ]
        },
        {
            "key": "rbg",
            "label": "Champs de bataille cotés",
            "brackets": [
                {
                    "slug": "rbg",
                    "label": "Champs de bataille cotés",
                    "short": "Champs de bataille cotés"
                }
            ]
        },
        {
            "key": "shuffle",
            "label": "Mêlée solo",
            "brackets": [
                {
                    "slug": "shuffle-overall",
                    "label": "Mêlée solo — Toutes spés",
                    "short": "Toutes spés"
                },
                {
                    "slug": "shuffle-shaman-restoration",
                    "label": "Mêlée solo — Shaman Restoration",
                    "short": "Shaman Restoration"
                }
            ]
        },
        {
            "key": "blitz",
            "label": "Blitz",
            "brackets": [
                {
                    "slug": "blitz-overall",
                    "label": "Blitz — Toutes spés",
                    "short": "Toutes spés"
                }
            ]
        },
        {
            "key": "other",
            "label": "Autres modes",
            "brackets": [
                {
                    "slug": "arena-skirmish",
                    "label": "Arena Skirmish",
                    "short": "Arena Skirmish"
                }
            ]
        }
    ],
    "page1": {
        "bracket": "3v3",
        "label": "Arène 3c3",
        "seasonId": 40,
        "entries": [
            {
                "rank": 1,
                "name": "Joueur1",
                "realm": "Hyjal",
                "realm_slug": "hyjal",
                "faction": "HORDE",
                "rating": 2999,
                "won": 61,
                "lost": 39
            },
            {
                "rank": 2,
                "name": "Joueur2",
                "realm": "Hyjal",
                "realm_slug": "hyjal",
                "faction": "ALLIANCE",
                "rating": 2998,
                "won": 62,
                "lost": 38
            },
            {
                "rank": 3,
                "name": "Joueur3",
                "realm": "Tarren Mill",
                "realm_slug": "tarren-mill",
                "faction": "HORDE",
                "rating": 2997,
                "won": 63,
                "lost": 37
            },
            {
                "rank": 4,
                "name": "Joueur4",
                "realm": "Hyjal",
                "realm_slug": "hyjal",
                "faction": "ALLIANCE",
                "rating": 2996,
                "won": 64,
                "lost": 36
            },
            {
                "rank": 5,
                "name": "Joueur5",
                "realm": "Hyjal",
                "realm_slug": "hyjal",
                "faction": "HORDE",
                "rating": 2995,
                "won": 65,
                "lost": 35
            },
            {
                "rank": 6,
                "name": "Joueur6",
                "realm": "Tarren Mill",
                "realm_slug": "tarren-mill",
                "faction": "ALLIANCE",
                "rating": 2994,
                "won": 66,
                "lost": 34
            },
            {
                "rank": 7,
                "name": "Joueur7",
                "realm": "Hyjal",
                "realm_slug": "hyjal",
                "faction": "HORDE",
                "rating": 2993,
                "won": 67,
                "lost": 33
            },
            {
                "rank": 8,
                "name": "Joueur8",
                "realm": "Hyjal",
                "realm_slug": "hyjal",
                "faction": "ALLIANCE",
                "rating": 2992,
                "won": 68,
                "lost": 32
            },
            {
                "rank": 9,
                "name": "Joueur9",
                "realm": "Tarren Mill",
                "realm_slug": "tarren-mill",
                "faction": "HORDE",
                "rating": 2991,
                "won": 69,
                "lost": 31
            },
            {
                "rank": 10,
                "name": "Joueur10",
                "realm": "Hyjal",
                "realm_slug": "hyjal",
                "faction": "ALLIANCE",
                "rating": 2990,
                "won": 70,
                "lost": 30
            },
            {
                "rank": 11,
                "name": "Joueur11",
                "realm": "Hyjal",
                "realm_slug": "hyjal",
                "faction": "HORDE",
                "rating": 2989,
                "won": 71,
                "lost": 29
            },
            {
                "rank": 12,
                "name": "Joueur12",
                "realm": "Tarren Mill",
                "realm_slug": "tarren-mill",
                "faction": "ALLIANCE",
                "rating": 2988,
                "won": 72,
                "lost": 28
            },
            {
                "rank": 13,
                "name": "Joueur13",
                "realm": "Hyjal",
                "realm_slug": "hyjal",
                "faction": "HORDE",
                "rating": 2987,
                "won": 73,
                "lost": 27
            },
            {
                "rank": 14,
                "name": "Joueur14",
                "realm": "Hyjal",
                "realm_slug": "hyjal",
                "faction": "ALLIANCE",
                "rating": 2986,
                "won": 74,
                "lost": 26
            },
            {
                "rank": 15,
                "name": "Joueur15",
                "realm": "Tarren Mill",
                "realm_slug": "tarren-mill",
                "faction": "HORDE",
                "rating": 2985,
                "won": 75,
                "lost": 25
            },
            {
                "rank": 16,
                "name": "Joueur16",
                "realm": "Hyjal",
                "realm_slug": "hyjal",
                "faction": "ALLIANCE",
                "rating": 2984,
                "won": 76,
                "lost": 24
            },
            {
                "rank": 17,
                "name": "Joueur17",
                "realm": "Hyjal",
                "realm_slug": "hyjal",
                "faction": "HORDE",
                "rating": 2983,
                "won": 77,
                "lost": 23
            },
            {
                "rank": 18,
                "name": "Joueur18",
                "realm": "Tarren Mill",
                "realm_slug": "tarren-mill",
                "faction": "ALLIANCE",
                "rating": 2982,
                "won": 78,
                "lost": 22
            },
            {
                "rank": 19,
                "name": "Joueur19",
                "realm": "Hyjal",
                "realm_slug": "hyjal",
                "faction": "HORDE",
                "rating": 2981,
                "won": 79,
                "lost": 21
            },
            {
                "rank": 20,
                "name": "Joueur20",
                "realm": "Hyjal",
                "realm_slug": "hyjal",
                "faction": "ALLIANCE",
                "rating": 2980,
                "won": 80,
                "lost": 20
            },
            {
                "rank": 21,
                "name": "Joueur21",
                "realm": "Tarren Mill",
                "realm_slug": "tarren-mill",
                "faction": "HORDE",
                "rating": 2979,
                "won": 81,
                "lost": 19
            },
            {
                "rank": 22,
                "name": "Joueur22",
                "realm": "Hyjal",
                "realm_slug": "hyjal",
                "faction": "ALLIANCE",
                "rating": 2978,
                "won": 82,
                "lost": 18
            },
            {
                "rank": 23,
                "name": "Joueur23",
                "realm": "Hyjal",
                "realm_slug": "hyjal",
                "faction": "HORDE",
                "rating": 2977,
                "won": 83,
                "lost": 17
            },
            {
                "rank": 24,
                "name": "Joueur24",
                "realm": "Tarren Mill",
                "realm_slug": "tarren-mill",
                "faction": "ALLIANCE",
                "rating": 2976,
                "won": 84,
                "lost": 16
            },
            {
                "rank": 25,
                "name": "Joueur25",
                "realm": "Hyjal",
                "realm_slug": "hyjal",
                "faction": "HORDE",
                "rating": 2975,
                "won": 85,
                "lost": 15
            },
            {
                "rank": 26,
                "name": "Joueur26",
                "realm": "Hyjal",
                "realm_slug": "hyjal",
                "faction": "ALLIANCE",
                "rating": 2974,
                "won": 86,
                "lost": 14
            },
            {
                "rank": 27,
                "name": "Joueur27",
                "realm": "Tarren Mill",
                "realm_slug": "tarren-mill",
                "faction": "HORDE",
                "rating": 2973,
                "won": 87,
                "lost": 13
            },
            {
                "rank": 28,
                "name": "Joueur28",
                "realm": "Hyjal",
                "realm_slug": "hyjal",
                "faction": "ALLIANCE",
                "rating": 2972,
                "won": 88,
                "lost": 12
            },
            {
                "rank": 29,
                "name": "Joueur29",
                "realm": "Hyjal",
                "realm_slug": "hyjal",
                "faction": "HORDE",
                "rating": 2971,
                "won": 89,
                "lost": 11
            },
            {
                "rank": 30,
                "name": "Joueur30",
                "realm": "Tarren Mill",
                "realm_slug": "tarren-mill",
                "faction": "ALLIANCE",
                "rating": 2970,
                "won": 90,
                "lost": 10
            },
            {
                "rank": 31,
                "name": "Joueur31",
                "realm": "Hyjal",
                "realm_slug": "hyjal",
                "faction": "HORDE",
                "rating": 2969,
                "won": 91,
                "lost": 9
            },
            {
                "rank": 32,
                "name": "Joueur32",
                "realm": "Hyjal",
                "realm_slug": "hyjal",
                "faction": "ALLIANCE",
                "rating": 2968,
                "won": 92,
                "lost": 8
            },
            {
                "rank": 33,
                "name": "Joueur33",
                "realm": "Tarren Mill",
                "realm_slug": "tarren-mill",
                "faction": "HORDE",
                "rating": 2967,
                "won": 93,
                "lost": 7
            },
            {
                "rank": 34,
                "name": "Joueur34",
                "realm": "Hyjal",
                "realm_slug": "hyjal",
                "faction": "ALLIANCE",
                "rating": 2966,
                "won": 94,
                "lost": 6
            },
            {
                "rank": 35,
                "name": "Joueur35",
                "realm": "Hyjal",
                "realm_slug": "hyjal",
                "faction": "HORDE",
                "rating": 2965,
                "won": 95,
                "lost": 5
            },
            {
                "rank": 36,
                "name": "Joueur36",
                "realm": "Tarren Mill",
                "realm_slug": "tarren-mill",
                "faction": "ALLIANCE",
                "rating": 2964,
                "won": 96,
                "lost": 4
            },
            {
                "rank": 37,
                "name": "Joueur37",
                "realm": "Hyjal",
                "realm_slug": "hyjal",
                "faction": "HORDE",
                "rating": 2963,
                "won": 97,
                "lost": 3
            },
            {
                "rank": 38,
                "name": "Joueur38",
                "realm": "Hyjal",
                "realm_slug": "hyjal",
                "faction": "ALLIANCE",
                "rating": 2962,
                "won": 98,
                "lost": 2
            },
            {
                "rank": 39,
                "name": "Joueur39",
                "realm": "Tarren Mill",
                "realm_slug": "tarren-mill",
                "faction": "HORDE",
                "rating": 2961,
                "won": 99,
                "lost": 1
            },
            {
                "rank": 40,
                "name": "Joueur40",
                "realm": "Hyjal",
                "realm_slug": "hyjal",
                "faction": "ALLIANCE",
                "rating": 2960,
                "won": 100,
                "lost": 0
            },
            {
                "rank": 41,
                "name": "Joueur41",
                "realm": "Hyjal",
                "realm_slug": "hyjal",
                "faction": "HORDE",
                "rating": 2959,
                "won": 101,
                "lost": -1
            },
            {
                "rank": 42,
                "name": "Joueur42",
                "realm": "Tarren Mill",
                "realm_slug": "tarren-mill",
                "faction": "ALLIANCE",
                "rating": 2958,
                "won": 102,
                "lost": -2
            },
            {
                "rank": 43,
                "name": "Joueur43",
                "realm": "Hyjal",
                "realm_slug": "hyjal",
                "faction": "HORDE",
                "rating": 2957,
                "won": 103,
                "lost": -3
            },
            {
                "rank": 44,
                "name": "Joueur44",
                "realm": "Hyjal",
                "realm_slug": "hyjal",
                "faction": "ALLIANCE",
                "rating": 2956,
                "won": 104,
                "lost": -4
            },
            {
                "rank": 45,
                "name": "Joueur45",
                "realm": "Tarren Mill",
                "realm_slug": "tarren-mill",
                "faction": "HORDE",
                "rating": 2955,
                "won": 105,
                "lost": -5
            },
            {
                "rank": 46,
                "name": "Joueur46",
                "realm": "Hyjal",
                "realm_slug": "hyjal",
                "faction": "ALLIANCE",
                "rating": 2954,
                "won": 106,
                "lost": -6
            },
            {
                "rank": 47,
                "name": "Joueur47",
                "realm": "Hyjal",
                "realm_slug": "hyjal",
                "faction": "HORDE",
                "rating": 2953,
                "won": 107,
                "lost": -7
            },
            {
                "rank": 48,
                "name": "Joueur48",
                "realm": "Tarren Mill",
                "realm_slug": "tarren-mill",
                "faction": "ALLIANCE",
                "rating": 2952,
                "won": 108,
                "lost": -8
            },
            {
                "rank": 49,
                "name": "Joueur49",
                "realm": "Hyjal",
                "realm_slug": "hyjal",
                "faction": "HORDE",
                "rating": 2951,
                "won": 109,
                "lost": -9
            },
            {
                "rank": 50,
                "name": "Joueur50",
                "realm": "Hyjal",
                "realm_slug": "hyjal",
                "faction": "ALLIANCE",
                "rating": 2950,
                "won": 110,
                "lost": -10
            }
        ],
        "total": 62,
        "currentPage": 1,
        "lastPage": 2,
        "unavailable": false
    },
    "page2": {
        "bracket": "3v3",
        "label": "Arène 3c3",
        "seasonId": 40,
        "entries": [
            {
                "rank": 51,
                "name": "Joueur51",
                "realm": "Tarren Mill",
                "realm_slug": "tarren-mill",
                "faction": "HORDE",
                "rating": 2949,
                "won": 111,
                "lost": -11
            },
            {
                "rank": 52,
                "name": "Joueur52",
                "realm": "Hyjal",
                "realm_slug": "hyjal",
                "faction": "ALLIANCE",
                "rating": 2948,
                "won": 112,
                "lost": -12
            },
            {
                "rank": 53,
                "name": "Joueur53",
                "realm": "Hyjal",
                "realm_slug": "hyjal",
                "faction": "HORDE",
                "rating": 2947,
                "won": 113,
                "lost": -13
            },
            {
                "rank": 54,
                "name": "Joueur54",
                "realm": "Tarren Mill",
                "realm_slug": "tarren-mill",
                "faction": "ALLIANCE",
                "rating": 2946,
                "won": 114,
                "lost": -14
            },
            {
                "rank": 55,
                "name": "Joueur55",
                "realm": "Hyjal",
                "realm_slug": "hyjal",
                "faction": "HORDE",
                "rating": 2945,
                "won": 115,
                "lost": -15
            },
            {
                "rank": 56,
                "name": "Joueur56",
                "realm": "Hyjal",
                "realm_slug": "hyjal",
                "faction": "ALLIANCE",
                "rating": 2944,
                "won": 116,
                "lost": -16
            },
            {
                "rank": 57,
                "name": "Joueur57",
                "realm": "Tarren Mill",
                "realm_slug": "tarren-mill",
                "faction": "HORDE",
                "rating": 2943,
                "won": 117,
                "lost": -17
            },
            {
                "rank": 58,
                "name": "Joueur58",
                "realm": "Hyjal",
                "realm_slug": "hyjal",
                "faction": "ALLIANCE",
                "rating": 2942,
                "won": 118,
                "lost": -18
            },
            {
                "rank": 59,
                "name": "Joueur59",
                "realm": "Hyjal",
                "realm_slug": "hyjal",
                "faction": "HORDE",
                "rating": 2941,
                "won": 119,
                "lost": -19
            },
            {
                "rank": 60,
                "name": "Joueur60",
                "realm": "Tarren Mill",
                "realm_slug": "tarren-mill",
                "faction": "ALLIANCE",
                "rating": 2940,
                "won": 120,
                "lost": -20
            },
            {
                "rank": 61,
                "name": "",
                "realm": "",
                "realm_slug": "",
                "faction": "",
                "rating": 0,
                "won": 0,
                "lost": 0
            },
            {
                "rank": 62,
                "name": "Sansroyaume",
                "realm": "",
                "realm_slug": "",
                "faction": "",
                "rating": 1500,
                "won": 0,
                "lost": 0
            }
        ],
        "total": 62,
        "currentPage": 2,
        "lastPage": 2,
        "unavailable": false
    },
    "search": {
        "bracket": "3v3",
        "label": "Arène 3c3",
        "seasonId": 40,
        "entries": [
            {
                "rank": 3,
                "name": "Joueur3",
                "realm": "Tarren Mill",
                "realm_slug": "tarren-mill",
                "faction": "HORDE",
                "rating": 2997,
                "won": 63,
                "lost": 37
            },
            {
                "rank": 6,
                "name": "Joueur6",
                "realm": "Tarren Mill",
                "realm_slug": "tarren-mill",
                "faction": "ALLIANCE",
                "rating": 2994,
                "won": 66,
                "lost": 34
            },
            {
                "rank": 9,
                "name": "Joueur9",
                "realm": "Tarren Mill",
                "realm_slug": "tarren-mill",
                "faction": "HORDE",
                "rating": 2991,
                "won": 69,
                "lost": 31
            },
            {
                "rank": 12,
                "name": "Joueur12",
                "realm": "Tarren Mill",
                "realm_slug": "tarren-mill",
                "faction": "ALLIANCE",
                "rating": 2988,
                "won": 72,
                "lost": 28
            },
            {
                "rank": 15,
                "name": "Joueur15",
                "realm": "Tarren Mill",
                "realm_slug": "tarren-mill",
                "faction": "HORDE",
                "rating": 2985,
                "won": 75,
                "lost": 25
            },
            {
                "rank": 18,
                "name": "Joueur18",
                "realm": "Tarren Mill",
                "realm_slug": "tarren-mill",
                "faction": "ALLIANCE",
                "rating": 2982,
                "won": 78,
                "lost": 22
            },
            {
                "rank": 21,
                "name": "Joueur21",
                "realm": "Tarren Mill",
                "realm_slug": "tarren-mill",
                "faction": "HORDE",
                "rating": 2979,
                "won": 81,
                "lost": 19
            },
            {
                "rank": 24,
                "name": "Joueur24",
                "realm": "Tarren Mill",
                "realm_slug": "tarren-mill",
                "faction": "ALLIANCE",
                "rating": 2976,
                "won": 84,
                "lost": 16
            },
            {
                "rank": 27,
                "name": "Joueur27",
                "realm": "Tarren Mill",
                "realm_slug": "tarren-mill",
                "faction": "HORDE",
                "rating": 2973,
                "won": 87,
                "lost": 13
            },
            {
                "rank": 30,
                "name": "Joueur30",
                "realm": "Tarren Mill",
                "realm_slug": "tarren-mill",
                "faction": "ALLIANCE",
                "rating": 2970,
                "won": 90,
                "lost": 10
            },
            {
                "rank": 33,
                "name": "Joueur33",
                "realm": "Tarren Mill",
                "realm_slug": "tarren-mill",
                "faction": "HORDE",
                "rating": 2967,
                "won": 93,
                "lost": 7
            },
            {
                "rank": 36,
                "name": "Joueur36",
                "realm": "Tarren Mill",
                "realm_slug": "tarren-mill",
                "faction": "ALLIANCE",
                "rating": 2964,
                "won": 96,
                "lost": 4
            },
            {
                "rank": 39,
                "name": "Joueur39",
                "realm": "Tarren Mill",
                "realm_slug": "tarren-mill",
                "faction": "HORDE",
                "rating": 2961,
                "won": 99,
                "lost": 1
            },
            {
                "rank": 42,
                "name": "Joueur42",
                "realm": "Tarren Mill",
                "realm_slug": "tarren-mill",
                "faction": "ALLIANCE",
                "rating": 2958,
                "won": 102,
                "lost": -2
            },
            {
                "rank": 45,
                "name": "Joueur45",
                "realm": "Tarren Mill",
                "realm_slug": "tarren-mill",
                "faction": "HORDE",
                "rating": 2955,
                "won": 105,
                "lost": -5
            },
            {
                "rank": 48,
                "name": "Joueur48",
                "realm": "Tarren Mill",
                "realm_slug": "tarren-mill",
                "faction": "ALLIANCE",
                "rating": 2952,
                "won": 108,
                "lost": -8
            },
            {
                "rank": 51,
                "name": "Joueur51",
                "realm": "Tarren Mill",
                "realm_slug": "tarren-mill",
                "faction": "HORDE",
                "rating": 2949,
                "won": 111,
                "lost": -11
            },
            {
                "rank": 54,
                "name": "Joueur54",
                "realm": "Tarren Mill",
                "realm_slug": "tarren-mill",
                "faction": "ALLIANCE",
                "rating": 2946,
                "won": 114,
                "lost": -14
            },
            {
                "rank": 57,
                "name": "Joueur57",
                "realm": "Tarren Mill",
                "realm_slug": "tarren-mill",
                "faction": "HORDE",
                "rating": 2943,
                "won": 117,
                "lost": -17
            },
            {
                "rank": 60,
                "name": "Joueur60",
                "realm": "Tarren Mill",
                "realm_slug": "tarren-mill",
                "faction": "ALLIANCE",
                "rating": 2940,
                "won": 120,
                "lost": -20
            }
        ],
        "total": 20,
        "currentPage": 1,
        "lastPage": 1,
        "unavailable": false
    },
    "unknown": {
        "bracket": "3v3",
        "label": "Arène 3c3",
        "seasonId": 40,
        "entries": [
            {
                "rank": 1,
                "name": "Joueur1",
                "realm": "Hyjal",
                "realm_slug": "hyjal",
                "faction": "HORDE",
                "rating": 2999,
                "won": 61,
                "lost": 39
            },
            {
                "rank": 2,
                "name": "Joueur2",
                "realm": "Hyjal",
                "realm_slug": "hyjal",
                "faction": "ALLIANCE",
                "rating": 2998,
                "won": 62,
                "lost": 38
            },
            {
                "rank": 3,
                "name": "Joueur3",
                "realm": "Tarren Mill",
                "realm_slug": "tarren-mill",
                "faction": "HORDE",
                "rating": 2997,
                "won": 63,
                "lost": 37
            },
            {
                "rank": 4,
                "name": "Joueur4",
                "realm": "Hyjal",
                "realm_slug": "hyjal",
                "faction": "ALLIANCE",
                "rating": 2996,
                "won": 64,
                "lost": 36
            },
            {
                "rank": 5,
                "name": "Joueur5",
                "realm": "Hyjal",
                "realm_slug": "hyjal",
                "faction": "HORDE",
                "rating": 2995,
                "won": 65,
                "lost": 35
            },
            {
                "rank": 6,
                "name": "Joueur6",
                "realm": "Tarren Mill",
                "realm_slug": "tarren-mill",
                "faction": "ALLIANCE",
                "rating": 2994,
                "won": 66,
                "lost": 34
            },
            {
                "rank": 7,
                "name": "Joueur7",
                "realm": "Hyjal",
                "realm_slug": "hyjal",
                "faction": "HORDE",
                "rating": 2993,
                "won": 67,
                "lost": 33
            },
            {
                "rank": 8,
                "name": "Joueur8",
                "realm": "Hyjal",
                "realm_slug": "hyjal",
                "faction": "ALLIANCE",
                "rating": 2992,
                "won": 68,
                "lost": 32
            },
            {
                "rank": 9,
                "name": "Joueur9",
                "realm": "Tarren Mill",
                "realm_slug": "tarren-mill",
                "faction": "HORDE",
                "rating": 2991,
                "won": 69,
                "lost": 31
            },
            {
                "rank": 10,
                "name": "Joueur10",
                "realm": "Hyjal",
                "realm_slug": "hyjal",
                "faction": "ALLIANCE",
                "rating": 2990,
                "won": 70,
                "lost": 30
            },
            {
                "rank": 11,
                "name": "Joueur11",
                "realm": "Hyjal",
                "realm_slug": "hyjal",
                "faction": "HORDE",
                "rating": 2989,
                "won": 71,
                "lost": 29
            },
            {
                "rank": 12,
                "name": "Joueur12",
                "realm": "Tarren Mill",
                "realm_slug": "tarren-mill",
                "faction": "ALLIANCE",
                "rating": 2988,
                "won": 72,
                "lost": 28
            },
            {
                "rank": 13,
                "name": "Joueur13",
                "realm": "Hyjal",
                "realm_slug": "hyjal",
                "faction": "HORDE",
                "rating": 2987,
                "won": 73,
                "lost": 27
            },
            {
                "rank": 14,
                "name": "Joueur14",
                "realm": "Hyjal",
                "realm_slug": "hyjal",
                "faction": "ALLIANCE",
                "rating": 2986,
                "won": 74,
                "lost": 26
            },
            {
                "rank": 15,
                "name": "Joueur15",
                "realm": "Tarren Mill",
                "realm_slug": "tarren-mill",
                "faction": "HORDE",
                "rating": 2985,
                "won": 75,
                "lost": 25
            },
            {
                "rank": 16,
                "name": "Joueur16",
                "realm": "Hyjal",
                "realm_slug": "hyjal",
                "faction": "ALLIANCE",
                "rating": 2984,
                "won": 76,
                "lost": 24
            },
            {
                "rank": 17,
                "name": "Joueur17",
                "realm": "Hyjal",
                "realm_slug": "hyjal",
                "faction": "HORDE",
                "rating": 2983,
                "won": 77,
                "lost": 23
            },
            {
                "rank": 18,
                "name": "Joueur18",
                "realm": "Tarren Mill",
                "realm_slug": "tarren-mill",
                "faction": "ALLIANCE",
                "rating": 2982,
                "won": 78,
                "lost": 22
            },
            {
                "rank": 19,
                "name": "Joueur19",
                "realm": "Hyjal",
                "realm_slug": "hyjal",
                "faction": "HORDE",
                "rating": 2981,
                "won": 79,
                "lost": 21
            },
            {
                "rank": 20,
                "name": "Joueur20",
                "realm": "Hyjal",
                "realm_slug": "hyjal",
                "faction": "ALLIANCE",
                "rating": 2980,
                "won": 80,
                "lost": 20
            },
            {
                "rank": 21,
                "name": "Joueur21",
                "realm": "Tarren Mill",
                "realm_slug": "tarren-mill",
                "faction": "HORDE",
                "rating": 2979,
                "won": 81,
                "lost": 19
            },
            {
                "rank": 22,
                "name": "Joueur22",
                "realm": "Hyjal",
                "realm_slug": "hyjal",
                "faction": "ALLIANCE",
                "rating": 2978,
                "won": 82,
                "lost": 18
            },
            {
                "rank": 23,
                "name": "Joueur23",
                "realm": "Hyjal",
                "realm_slug": "hyjal",
                "faction": "HORDE",
                "rating": 2977,
                "won": 83,
                "lost": 17
            },
            {
                "rank": 24,
                "name": "Joueur24",
                "realm": "Tarren Mill",
                "realm_slug": "tarren-mill",
                "faction": "ALLIANCE",
                "rating": 2976,
                "won": 84,
                "lost": 16
            },
            {
                "rank": 25,
                "name": "Joueur25",
                "realm": "Hyjal",
                "realm_slug": "hyjal",
                "faction": "HORDE",
                "rating": 2975,
                "won": 85,
                "lost": 15
            },
            {
                "rank": 26,
                "name": "Joueur26",
                "realm": "Hyjal",
                "realm_slug": "hyjal",
                "faction": "ALLIANCE",
                "rating": 2974,
                "won": 86,
                "lost": 14
            },
            {
                "rank": 27,
                "name": "Joueur27",
                "realm": "Tarren Mill",
                "realm_slug": "tarren-mill",
                "faction": "HORDE",
                "rating": 2973,
                "won": 87,
                "lost": 13
            },
            {
                "rank": 28,
                "name": "Joueur28",
                "realm": "Hyjal",
                "realm_slug": "hyjal",
                "faction": "ALLIANCE",
                "rating": 2972,
                "won": 88,
                "lost": 12
            },
            {
                "rank": 29,
                "name": "Joueur29",
                "realm": "Hyjal",
                "realm_slug": "hyjal",
                "faction": "HORDE",
                "rating": 2971,
                "won": 89,
                "lost": 11
            },
            {
                "rank": 30,
                "name": "Joueur30",
                "realm": "Tarren Mill",
                "realm_slug": "tarren-mill",
                "faction": "ALLIANCE",
                "rating": 2970,
                "won": 90,
                "lost": 10
            },
            {
                "rank": 31,
                "name": "Joueur31",
                "realm": "Hyjal",
                "realm_slug": "hyjal",
                "faction": "HORDE",
                "rating": 2969,
                "won": 91,
                "lost": 9
            },
            {
                "rank": 32,
                "name": "Joueur32",
                "realm": "Hyjal",
                "realm_slug": "hyjal",
                "faction": "ALLIANCE",
                "rating": 2968,
                "won": 92,
                "lost": 8
            },
            {
                "rank": 33,
                "name": "Joueur33",
                "realm": "Tarren Mill",
                "realm_slug": "tarren-mill",
                "faction": "HORDE",
                "rating": 2967,
                "won": 93,
                "lost": 7
            },
            {
                "rank": 34,
                "name": "Joueur34",
                "realm": "Hyjal",
                "realm_slug": "hyjal",
                "faction": "ALLIANCE",
                "rating": 2966,
                "won": 94,
                "lost": 6
            },
            {
                "rank": 35,
                "name": "Joueur35",
                "realm": "Hyjal",
                "realm_slug": "hyjal",
                "faction": "HORDE",
                "rating": 2965,
                "won": 95,
                "lost": 5
            },
            {
                "rank": 36,
                "name": "Joueur36",
                "realm": "Tarren Mill",
                "realm_slug": "tarren-mill",
                "faction": "ALLIANCE",
                "rating": 2964,
                "won": 96,
                "lost": 4
            },
            {
                "rank": 37,
                "name": "Joueur37",
                "realm": "Hyjal",
                "realm_slug": "hyjal",
                "faction": "HORDE",
                "rating": 2963,
                "won": 97,
                "lost": 3
            },
            {
                "rank": 38,
                "name": "Joueur38",
                "realm": "Hyjal",
                "realm_slug": "hyjal",
                "faction": "ALLIANCE",
                "rating": 2962,
                "won": 98,
                "lost": 2
            },
            {
                "rank": 39,
                "name": "Joueur39",
                "realm": "Tarren Mill",
                "realm_slug": "tarren-mill",
                "faction": "HORDE",
                "rating": 2961,
                "won": 99,
                "lost": 1
            },
            {
                "rank": 40,
                "name": "Joueur40",
                "realm": "Hyjal",
                "realm_slug": "hyjal",
                "faction": "ALLIANCE",
                "rating": 2960,
                "won": 100,
                "lost": 0
            },
            {
                "rank": 41,
                "name": "Joueur41",
                "realm": "Hyjal",
                "realm_slug": "hyjal",
                "faction": "HORDE",
                "rating": 2959,
                "won": 101,
                "lost": -1
            },
            {
                "rank": 42,
                "name": "Joueur42",
                "realm": "Tarren Mill",
                "realm_slug": "tarren-mill",
                "faction": "ALLIANCE",
                "rating": 2958,
                "won": 102,
                "lost": -2
            },
            {
                "rank": 43,
                "name": "Joueur43",
                "realm": "Hyjal",
                "realm_slug": "hyjal",
                "faction": "HORDE",
                "rating": 2957,
                "won": 103,
                "lost": -3
            },
            {
                "rank": 44,
                "name": "Joueur44",
                "realm": "Hyjal",
                "realm_slug": "hyjal",
                "faction": "ALLIANCE",
                "rating": 2956,
                "won": 104,
                "lost": -4
            },
            {
                "rank": 45,
                "name": "Joueur45",
                "realm": "Tarren Mill",
                "realm_slug": "tarren-mill",
                "faction": "HORDE",
                "rating": 2955,
                "won": 105,
                "lost": -5
            },
            {
                "rank": 46,
                "name": "Joueur46",
                "realm": "Hyjal",
                "realm_slug": "hyjal",
                "faction": "ALLIANCE",
                "rating": 2954,
                "won": 106,
                "lost": -6
            },
            {
                "rank": 47,
                "name": "Joueur47",
                "realm": "Hyjal",
                "realm_slug": "hyjal",
                "faction": "HORDE",
                "rating": 2953,
                "won": 107,
                "lost": -7
            },
            {
                "rank": 48,
                "name": "Joueur48",
                "realm": "Tarren Mill",
                "realm_slug": "tarren-mill",
                "faction": "ALLIANCE",
                "rating": 2952,
                "won": 108,
                "lost": -8
            },
            {
                "rank": 49,
                "name": "Joueur49",
                "realm": "Hyjal",
                "realm_slug": "hyjal",
                "faction": "HORDE",
                "rating": 2951,
                "won": 109,
                "lost": -9
            },
            {
                "rank": 50,
                "name": "Joueur50",
                "realm": "Hyjal",
                "realm_slug": "hyjal",
                "faction": "ALLIANCE",
                "rating": 2950,
                "won": 110,
                "lost": -10
            }
        ],
        "total": 62,
        "currentPage": 1,
        "lastPage": 2,
        "unavailable": false
    },
    "cached": [
        {
            "rank": 1,
            "name": "Joueur1",
            "realm": "Hyjal",
            "realm_slug": "hyjal",
            "faction": "HORDE",
            "rating": 2999,
            "won": 61,
            "lost": 39
        },
        {
            "rank": 2,
            "name": "Joueur2",
            "realm": "Hyjal",
            "realm_slug": "hyjal",
            "faction": "ALLIANCE",
            "rating": 2998,
            "won": 62,
            "lost": 38
        },
        {
            "rank": 3,
            "name": "Joueur3",
            "realm": "Tarren Mill",
            "realm_slug": "tarren-mill",
            "faction": "HORDE",
            "rating": 2997,
            "won": 63,
            "lost": 37
        },
        {
            "rank": 4,
            "name": "Joueur4",
            "realm": "Hyjal",
            "realm_slug": "hyjal",
            "faction": "ALLIANCE",
            "rating": 2996,
            "won": 64,
            "lost": 36
        },
        {
            "rank": 5,
            "name": "Joueur5",
            "realm": "Hyjal",
            "realm_slug": "hyjal",
            "faction": "HORDE",
            "rating": 2995,
            "won": 65,
            "lost": 35
        },
        {
            "rank": 6,
            "name": "Joueur6",
            "realm": "Tarren Mill",
            "realm_slug": "tarren-mill",
            "faction": "ALLIANCE",
            "rating": 2994,
            "won": 66,
            "lost": 34
        },
        {
            "rank": 7,
            "name": "Joueur7",
            "realm": "Hyjal",
            "realm_slug": "hyjal",
            "faction": "HORDE",
            "rating": 2993,
            "won": 67,
            "lost": 33
        },
        {
            "rank": 8,
            "name": "Joueur8",
            "realm": "Hyjal",
            "realm_slug": "hyjal",
            "faction": "ALLIANCE",
            "rating": 2992,
            "won": 68,
            "lost": 32
        },
        {
            "rank": 9,
            "name": "Joueur9",
            "realm": "Tarren Mill",
            "realm_slug": "tarren-mill",
            "faction": "HORDE",
            "rating": 2991,
            "won": 69,
            "lost": 31
        },
        {
            "rank": 10,
            "name": "Joueur10",
            "realm": "Hyjal",
            "realm_slug": "hyjal",
            "faction": "ALLIANCE",
            "rating": 2990,
            "won": 70,
            "lost": 30
        },
        {
            "rank": 11,
            "name": "Joueur11",
            "realm": "Hyjal",
            "realm_slug": "hyjal",
            "faction": "HORDE",
            "rating": 2989,
            "won": 71,
            "lost": 29
        },
        {
            "rank": 12,
            "name": "Joueur12",
            "realm": "Tarren Mill",
            "realm_slug": "tarren-mill",
            "faction": "ALLIANCE",
            "rating": 2988,
            "won": 72,
            "lost": 28
        },
        {
            "rank": 13,
            "name": "Joueur13",
            "realm": "Hyjal",
            "realm_slug": "hyjal",
            "faction": "HORDE",
            "rating": 2987,
            "won": 73,
            "lost": 27
        },
        {
            "rank": 14,
            "name": "Joueur14",
            "realm": "Hyjal",
            "realm_slug": "hyjal",
            "faction": "ALLIANCE",
            "rating": 2986,
            "won": 74,
            "lost": 26
        },
        {
            "rank": 15,
            "name": "Joueur15",
            "realm": "Tarren Mill",
            "realm_slug": "tarren-mill",
            "faction": "HORDE",
            "rating": 2985,
            "won": 75,
            "lost": 25
        },
        {
            "rank": 16,
            "name": "Joueur16",
            "realm": "Hyjal",
            "realm_slug": "hyjal",
            "faction": "ALLIANCE",
            "rating": 2984,
            "won": 76,
            "lost": 24
        },
        {
            "rank": 17,
            "name": "Joueur17",
            "realm": "Hyjal",
            "realm_slug": "hyjal",
            "faction": "HORDE",
            "rating": 2983,
            "won": 77,
            "lost": 23
        },
        {
            "rank": 18,
            "name": "Joueur18",
            "realm": "Tarren Mill",
            "realm_slug": "tarren-mill",
            "faction": "ALLIANCE",
            "rating": 2982,
            "won": 78,
            "lost": 22
        },
        {
            "rank": 19,
            "name": "Joueur19",
            "realm": "Hyjal",
            "realm_slug": "hyjal",
            "faction": "HORDE",
            "rating": 2981,
            "won": 79,
            "lost": 21
        },
        {
            "rank": 20,
            "name": "Joueur20",
            "realm": "Hyjal",
            "realm_slug": "hyjal",
            "faction": "ALLIANCE",
            "rating": 2980,
            "won": 80,
            "lost": 20
        },
        {
            "rank": 21,
            "name": "Joueur21",
            "realm": "Tarren Mill",
            "realm_slug": "tarren-mill",
            "faction": "HORDE",
            "rating": 2979,
            "won": 81,
            "lost": 19
        },
        {
            "rank": 22,
            "name": "Joueur22",
            "realm": "Hyjal",
            "realm_slug": "hyjal",
            "faction": "ALLIANCE",
            "rating": 2978,
            "won": 82,
            "lost": 18
        },
        {
            "rank": 23,
            "name": "Joueur23",
            "realm": "Hyjal",
            "realm_slug": "hyjal",
            "faction": "HORDE",
            "rating": 2977,
            "won": 83,
            "lost": 17
        },
        {
            "rank": 24,
            "name": "Joueur24",
            "realm": "Tarren Mill",
            "realm_slug": "tarren-mill",
            "faction": "ALLIANCE",
            "rating": 2976,
            "won": 84,
            "lost": 16
        },
        {
            "rank": 25,
            "name": "Joueur25",
            "realm": "Hyjal",
            "realm_slug": "hyjal",
            "faction": "HORDE",
            "rating": 2975,
            "won": 85,
            "lost": 15
        },
        {
            "rank": 26,
            "name": "Joueur26",
            "realm": "Hyjal",
            "realm_slug": "hyjal",
            "faction": "ALLIANCE",
            "rating": 2974,
            "won": 86,
            "lost": 14
        },
        {
            "rank": 27,
            "name": "Joueur27",
            "realm": "Tarren Mill",
            "realm_slug": "tarren-mill",
            "faction": "HORDE",
            "rating": 2973,
            "won": 87,
            "lost": 13
        },
        {
            "rank": 28,
            "name": "Joueur28",
            "realm": "Hyjal",
            "realm_slug": "hyjal",
            "faction": "ALLIANCE",
            "rating": 2972,
            "won": 88,
            "lost": 12
        },
        {
            "rank": 29,
            "name": "Joueur29",
            "realm": "Hyjal",
            "realm_slug": "hyjal",
            "faction": "HORDE",
            "rating": 2971,
            "won": 89,
            "lost": 11
        },
        {
            "rank": 30,
            "name": "Joueur30",
            "realm": "Tarren Mill",
            "realm_slug": "tarren-mill",
            "faction": "ALLIANCE",
            "rating": 2970,
            "won": 90,
            "lost": 10
        },
        {
            "rank": 31,
            "name": "Joueur31",
            "realm": "Hyjal",
            "realm_slug": "hyjal",
            "faction": "HORDE",
            "rating": 2969,
            "won": 91,
            "lost": 9
        },
        {
            "rank": 32,
            "name": "Joueur32",
            "realm": "Hyjal",
            "realm_slug": "hyjal",
            "faction": "ALLIANCE",
            "rating": 2968,
            "won": 92,
            "lost": 8
        },
        {
            "rank": 33,
            "name": "Joueur33",
            "realm": "Tarren Mill",
            "realm_slug": "tarren-mill",
            "faction": "HORDE",
            "rating": 2967,
            "won": 93,
            "lost": 7
        },
        {
            "rank": 34,
            "name": "Joueur34",
            "realm": "Hyjal",
            "realm_slug": "hyjal",
            "faction": "ALLIANCE",
            "rating": 2966,
            "won": 94,
            "lost": 6
        },
        {
            "rank": 35,
            "name": "Joueur35",
            "realm": "Hyjal",
            "realm_slug": "hyjal",
            "faction": "HORDE",
            "rating": 2965,
            "won": 95,
            "lost": 5
        },
        {
            "rank": 36,
            "name": "Joueur36",
            "realm": "Tarren Mill",
            "realm_slug": "tarren-mill",
            "faction": "ALLIANCE",
            "rating": 2964,
            "won": 96,
            "lost": 4
        },
        {
            "rank": 37,
            "name": "Joueur37",
            "realm": "Hyjal",
            "realm_slug": "hyjal",
            "faction": "HORDE",
            "rating": 2963,
            "won": 97,
            "lost": 3
        },
        {
            "rank": 38,
            "name": "Joueur38",
            "realm": "Hyjal",
            "realm_slug": "hyjal",
            "faction": "ALLIANCE",
            "rating": 2962,
            "won": 98,
            "lost": 2
        },
        {
            "rank": 39,
            "name": "Joueur39",
            "realm": "Tarren Mill",
            "realm_slug": "tarren-mill",
            "faction": "HORDE",
            "rating": 2961,
            "won": 99,
            "lost": 1
        },
        {
            "rank": 40,
            "name": "Joueur40",
            "realm": "Hyjal",
            "realm_slug": "hyjal",
            "faction": "ALLIANCE",
            "rating": 2960,
            "won": 100,
            "lost": 0
        },
        {
            "rank": 41,
            "name": "Joueur41",
            "realm": "Hyjal",
            "realm_slug": "hyjal",
            "faction": "HORDE",
            "rating": 2959,
            "won": 101,
            "lost": -1
        },
        {
            "rank": 42,
            "name": "Joueur42",
            "realm": "Tarren Mill",
            "realm_slug": "tarren-mill",
            "faction": "ALLIANCE",
            "rating": 2958,
            "won": 102,
            "lost": -2
        },
        {
            "rank": 43,
            "name": "Joueur43",
            "realm": "Hyjal",
            "realm_slug": "hyjal",
            "faction": "HORDE",
            "rating": 2957,
            "won": 103,
            "lost": -3
        },
        {
            "rank": 44,
            "name": "Joueur44",
            "realm": "Hyjal",
            "realm_slug": "hyjal",
            "faction": "ALLIANCE",
            "rating": 2956,
            "won": 104,
            "lost": -4
        },
        {
            "rank": 45,
            "name": "Joueur45",
            "realm": "Tarren Mill",
            "realm_slug": "tarren-mill",
            "faction": "HORDE",
            "rating": 2955,
            "won": 105,
            "lost": -5
        },
        {
            "rank": 46,
            "name": "Joueur46",
            "realm": "Hyjal",
            "realm_slug": "hyjal",
            "faction": "ALLIANCE",
            "rating": 2954,
            "won": 106,
            "lost": -6
        },
        {
            "rank": 47,
            "name": "Joueur47",
            "realm": "Hyjal",
            "realm_slug": "hyjal",
            "faction": "HORDE",
            "rating": 2953,
            "won": 107,
            "lost": -7
        },
        {
            "rank": 48,
            "name": "Joueur48",
            "realm": "Tarren Mill",
            "realm_slug": "tarren-mill",
            "faction": "ALLIANCE",
            "rating": 2952,
            "won": 108,
            "lost": -8
        },
        {
            "rank": 49,
            "name": "Joueur49",
            "realm": "Hyjal",
            "realm_slug": "hyjal",
            "faction": "HORDE",
            "rating": 2951,
            "won": 109,
            "lost": -9
        },
        {
            "rank": 50,
            "name": "Joueur50",
            "realm": "Hyjal",
            "realm_slug": "hyjal",
            "faction": "ALLIANCE",
            "rating": 2950,
            "won": 110,
            "lost": -10
        },
        {
            "rank": 51,
            "name": "Joueur51",
            "realm": "Tarren Mill",
            "realm_slug": "tarren-mill",
            "faction": "HORDE",
            "rating": 2949,
            "won": 111,
            "lost": -11
        },
        {
            "rank": 52,
            "name": "Joueur52",
            "realm": "Hyjal",
            "realm_slug": "hyjal",
            "faction": "ALLIANCE",
            "rating": 2948,
            "won": 112,
            "lost": -12
        },
        {
            "rank": 53,
            "name": "Joueur53",
            "realm": "Hyjal",
            "realm_slug": "hyjal",
            "faction": "HORDE",
            "rating": 2947,
            "won": 113,
            "lost": -13
        },
        {
            "rank": 54,
            "name": "Joueur54",
            "realm": "Tarren Mill",
            "realm_slug": "tarren-mill",
            "faction": "ALLIANCE",
            "rating": 2946,
            "won": 114,
            "lost": -14
        },
        {
            "rank": 55,
            "name": "Joueur55",
            "realm": "Hyjal",
            "realm_slug": "hyjal",
            "faction": "HORDE",
            "rating": 2945,
            "won": 115,
            "lost": -15
        },
        {
            "rank": 56,
            "name": "Joueur56",
            "realm": "Hyjal",
            "realm_slug": "hyjal",
            "faction": "ALLIANCE",
            "rating": 2944,
            "won": 116,
            "lost": -16
        },
        {
            "rank": 57,
            "name": "Joueur57",
            "realm": "Tarren Mill",
            "realm_slug": "tarren-mill",
            "faction": "HORDE",
            "rating": 2943,
            "won": 117,
            "lost": -17
        },
        {
            "rank": 58,
            "name": "Joueur58",
            "realm": "Hyjal",
            "realm_slug": "hyjal",
            "faction": "ALLIANCE",
            "rating": 2942,
            "won": 118,
            "lost": -18
        },
        {
            "rank": 59,
            "name": "Joueur59",
            "realm": "Hyjal",
            "realm_slug": "hyjal",
            "faction": "HORDE",
            "rating": 2941,
            "won": 119,
            "lost": -19
        },
        {
            "rank": 60,
            "name": "Joueur60",
            "realm": "Tarren Mill",
            "realm_slug": "tarren-mill",
            "faction": "ALLIANCE",
            "rating": 2940,
            "won": 120,
            "lost": -20
        },
        {
            "rank": 61,
            "name": "",
            "realm": "",
            "realm_slug": "",
            "faction": "",
            "rating": 0,
            "won": 0,
            "lost": 0
        },
        {
            "rank": 62,
            "name": "Sansroyaume",
            "realm": "",
            "realm_slug": "",
            "faction": "",
            "rating": 1500,
            "won": 0,
            "lost": 0
        }
    ]
}